// Jest Snapshot v1, https://goo.gl/fbAQLP

exports[`FindUsersService Should get all users 1`] = `
Array [
  Object {
    "_id": "65ec9ad1e0e9b4dd1e7d1f8a",
    "name": "Sophie",
  },
  Object {
    "_id": "65ec9b61137345c53e0b4b62",
    "name": "Morris",
  },
]
`;
